---
source: crates/agentgateway/src/llm/tests.rs
description: "anthropic: request_tool-call"
info:
  model: gpt-3.5-turbo
  messages:
    - role: user
      content: How is the current weather in Columbus?
    - role: assistant
      content: ~
      tool_calls:
        - id: call_iMGPsr4Xx1u0G5sOzFsTCbQU
          type: function
          function:
            name: get_weather
            arguments: "{\"format\":\"celsius\",\"location\":\"Columbus, OH\"}"
    - role: tool
      tool_call_id: call_iMGPsr4Xx1u0G5sOzFsTCbQU
      name: get_weather
      content: "{ \"temperature\": 15, \"condition\": \"Cloudy\" }"
---
{
  "messages": [
    {
      "role": "user",
      "content": [
        {
          "type": "text",
          "text": "How is the current weather in Columbus?"
        }
      ]
    },
    {
      "role": "user",
      "content": [
        {
          "type": "text",
          "text": "{ \"temperature\": 15, \"condition\": \"Cloudy\" }"
        }
      ]
    }
  ],
  "model": "gpt-3.5-turbo",
  "max_tokens": 4096
}
